// Vitest Snapshot v1, https://vitest.dev/guide/snapshot.html

exports[`Reply Component > should render correctly when generated 1`] = `
<div>
  <div
    animate="[object Object]"
    class="overflow-y-auto scrollbar-custom rounded-lg border border-[#e5e7eb] dark:border-[#2e3238] dark:bg-slate-800 dark:text-slate-100 dark:placeholder-slate-400 bg-white text-slate-900 placeholder-slate-500"
    exit="[object Object]"
    initial="[object Object]"
  >
    <div>
      <div
        class="flex justify-between items-center px-3 h-9 cursor-pointer bg-slate-100 dark:bg-[#23252b] hover:bg-slate-200 dark:hover:bg-slate-800"
        data-testid="section-translation"
        role="button"
        tabindex="0"
      >
        <label
          class="text-sm leading-none peer-disabled:cursor-not-allowed peer-disabled:opacity-70 font-medium text-[#4b5563] dark:text-[#d1d5db]"
        >
          Original Translation
        </label>
        <div
          class="flex items-center space-x-2"
        >
          <button
            class="inline-flex items-center justify-center gap-2 whitespace-nowrap rounded-md text-sm font-medium transition-colors focus-visible:outline-none focus-visible:ring-1 focus-visible:ring-ring disabled:pointer-events-none disabled:opacity-50 [&_svg]:pointer-events-none [&_svg]:size-4 [&_svg]:shrink-0 hover:bg-accent h-6 w-6 text-slate-500 hover:text-slate-900 relative"
            data-testid="copy-icon-group"
          >
            <div
              animate="[object Object]"
              class="absolute inset-0 flex items-center justify-center"
              exit="[object Object]"
              initial="[object Object]"
              transition="[object Object]"
            >
              <svg
                class="lucide lucide-copy h-4 w-4"
                fill="none"
                height="24"
                stroke="currentColor"
                stroke-linecap="round"
                stroke-linejoin="round"
                stroke-width="2"
                viewBox="0 0 24 24"
                width="24"
                xmlns="http://www.w3.org/2000/svg"
              >
                <rect
                  height="14"
                  rx="2"
                  ry="2"
                  width="14"
                  x="8"
                  y="8"
                />
                <path
                  d="M4 16c-1.1 0-2-.9-2-2V4c0-1.1.9-2 2-2h10c1.1 0 2 .9 2 2"
                />
              </svg>
            </div>
          </button>
          <svg
            class="lucide lucide-chevron-up h-3 w-3 text-slate-500 dark:text-slate-400"
            fill="none"
            height="24"
            stroke="currentColor"
            stroke-linecap="round"
            stroke-linejoin="round"
            stroke-width="2"
            viewBox="0 0 24 24"
            width="24"
            xmlns="http://www.w3.org/2000/svg"
          >
            <path
              d="m18 15-6-6-6 6"
            />
          </svg>
        </div>
      </div>
      <div
        class="h-auto overflow-y-auto text-sm scrollbar-custom dark:bg-slate-800 dark:text-slate-100 dark:placeholder-slate-400 bg-white text-slate-900 placeholder-slate-500 p-3"
      >
        Translation text
      </div>
    </div>
    <div>
      <div
        class="flex justify-between items-center px-3 h-9 cursor-pointer bg-slate-100 dark:bg-[#23252b] hover:bg-slate-200 dark:hover:bg-slate-800"
        data-testid="section-reply"
        role="button"
        tabindex="0"
      >
        <label
          class="text-sm leading-none peer-disabled:cursor-not-allowed peer-disabled:opacity-70 font-medium text-[#4b5563] dark:text-[#d1d5db]"
        >
          Reply
        </label>
        <div
          class="flex items-center space-x-2"
        >
          <button
            class="inline-flex items-center justify-center gap-2 whitespace-nowrap rounded-md text-sm font-medium transition-colors focus-visible:outline-none focus-visible:ring-1 focus-visible:ring-ring disabled:pointer-events-none disabled:opacity-50 [&_svg]:pointer-events-none [&_svg]:size-4 [&_svg]:shrink-0 hover:bg-accent h-6 w-6 text-slate-500 hover:text-slate-900 relative"
            data-testid="copy-icon-group"
          >
            <div
              animate="[object Object]"
              class="absolute inset-0 flex items-center justify-center"
              exit="[object Object]"
              initial="[object Object]"
              transition="[object Object]"
            >
              <svg
                class="lucide lucide-copy h-4 w-4"
                fill="none"
                height="24"
                stroke="currentColor"
                stroke-linecap="round"
                stroke-linejoin="round"
                stroke-width="2"
                viewBox="0 0 24 24"
                width="24"
                xmlns="http://www.w3.org/2000/svg"
              >
                <rect
                  height="14"
                  rx="2"
                  ry="2"
                  width="14"
                  x="8"
                  y="8"
                />
                <path
                  d="M4 16c-1.1 0-2-.9-2-2V4c0-1.1.9-2 2-2h10c1.1 0 2 .9 2 2"
                />
              </svg>
            </div>
          </button>
          <svg
            class="lucide lucide-chevron-down h-3 w-3 text-slate-500 dark:text-slate-400"
            fill="none"
            height="24"
            stroke="currentColor"
            stroke-linecap="round"
            stroke-linejoin="round"
            stroke-width="2"
            viewBox="0 0 24 24"
            width="24"
            xmlns="http://www.w3.org/2000/svg"
          >
            <path
              d="m6 9 6 6 6-6"
            />
          </svg>
        </div>
      </div>
    </div>
  </div>
</div>
`;
