// Vitest Snapshot v1, https://vitest.dev/guide/snapshot.html

exports[`HistoryArea 组件 > 应该在无历史记录时显示空状态 1`] = `
<div>
  <div
    class="relative overflow-hidden scrollbar-custom p-5"
    data-testid="history-area"
    dir="ltr"
    style="position: relative; --radix-scroll-area-corner-width: 0px; --radix-scroll-area-corner-height: 0px;"
  >
    <style>
      [data-radix-scroll-area-viewport]{scrollbar-width:none;-ms-overflow-style:none;-webkit-overflow-scrolling:touch;}[data-radix-scroll-area-viewport]::-webkit-scrollbar{display:none}
    </style>
    <div
      class="h-full w-full rounded-[inherit]"
      data-radix-scroll-area-viewport=""
      style="overflow-x: hidden; overflow-y: scroll;"
    >
      <div
        style="min-width: 100%; display: table;"
      >
        <div
          class="space-y-3"
        >
          <div
            animate="[object Object]"
            class="flex flex-col items-center justify-center py-10 text-[#6b7280] dark:text-[#9ca3af]"
            data-testid="motion-div"
            initial="[object Object]"
          >
            <svg
              class="lucide lucide-circle-alert w-10 h-10 mb-3 opacity-50"
              data-testid="history-alert-circle"
              fill="none"
              height="24"
              stroke="currentColor"
              stroke-linecap="round"
              stroke-linejoin="round"
              stroke-width="2"
              viewBox="0 0 24 24"
              width="24"
              xmlns="http://www.w3.org/2000/svg"
            >
              <circle
                cx="12"
                cy="12"
                r="10"
              />
              <line
                x1="12"
                x2="12"
                y1="8"
                y2="12"
              />
              <line
                x1="12"
                x2="12.01"
                y1="16"
                y2="16"
              />
            </svg>
            <p
              class="text-sm"
            >
              没有历史记录
            </p>
            <p
              class="text-sm mt-1 max-w-xs text-center"
            >
              历史记录将显示在这里
            </p>
          </div>
        </div>
      </div>
    </div>
  </div>
</div>
`;
