// Vitest Snapshot v1, https://vitest.dev/guide/snapshot.html

exports[`Popup initialization > should render Popup correctly 1`] = `
<div
  id="app-container"
/>
`;
